[   0.0000] Initializing cgroup subsys cpuset
[    0.000000] Initializing cgroup subsys cpu
[    0.000000] Initializing cgroup subsys cpuacct
[    0.000000] Linux version 4.4.0-131-generic (buildd@lgw01-amd64-015) (gcc version 5.4.0 20160609 (Ubuntu 5.4.0-6ubuntu1~16.04.10) ) #157-Ubuntu SMP Thu Jul 12 15:51:36 UTC 2018 (Ubuntu 4.4.0-131.157-generic 4.4.134)
[    0.000000] Command line: BOOT_IMAGE=/boot/vmlinuz-4.4.0-131-generic root=LABEL=cloudimg-rootfs ro console=tty1 console=ttyS0
[    0.000000] KERNEL supported cpus:
[    0.000000]   Intel GenuineIntel
[    0.000000]   AMD AuthenticAMD
[    0.000000]   Centaur CentaurHauls
[    0.000000] x86/fpu: xstate_offset[2]:  576, xstate_sizes[2]:  256
[    0.000000] x86/fpu: Supporting XSAVE feature 0x01: 'x87 floating point registers'
[    0.000000] x86/fpu: Supporting XSAVE feature 0x02: 'SSE registers'
[    0.000000] x86/fpu: Supporting XSAVE feature 0x04: 'AVX registers'
[    0.000000] x86/fpu: Enabled xstate features 0x7, context size is 832 bytes, using 'standard' format.
[    0.000000] x86/fpu: Using 'eager' FPU context switches.
[    0.000000] e820: BIOS-provided physical RAM map:
[    0.000000] BIOS-e820: [mem 0x0000000000000000-0x000000000009fbff] usable
[    0.000000] BIOS-e820: [mem 0x000000000009fc00-0x000000000009ffff] reserved
[    0.000000] BIOS-e820: [mem 0x00000000000f0000-0x00000000000fffff] reserved
[    0.000000] BIOS-e820: [mem 0x0000000000100000-0x000000003ffeffff] usable
[    0.000000] BIOS-e820: [mem 0x000000003fff0000-0x000000003fffffff] ACPI data
[    0.000000] BIOS-e820: [mem 0x00000000fec00000-0x00000000fec00fff] reserved
[    0.000000] BIOS-e820: [mem 0x00000000fee00000-0x00000000fee00fff] reserved
[    0.000000] BIOS-e820: [mem 0x00000000fffc0000-0x0000000ffffffreserv
   0.0000]NX(Exeteisab) otction:cte
[    0.000000] SMBIOS 2.5 present.
[    0.000000] Hypervisor detected: KVM
[    0.000000] e820: last_pfn = 0x3fff0 max_arch_pfn = 0x400000000
[    0.000000] MTRR: Disabled
[    0.000000] x86/PAT: MTRRs disabled, skipping PAT initialization too.
[    0.000000] PUTRs all an- vituiz syyte.    .000000] x86/PAT: Configuration [0-7]: WB  WT  UC- UC  WB  WT  UC- UC  
[    0.000000] found SMP MP-table at [mem 0x0009fff0-0x0009ffff] mapped at [ffff88000009fff0]
[    0.000000] Scanning 1 areas for low memory corruption
[    0.000000] RAMDISK: [mem 0x3630c000-0x3717dfff]
[    0.000000] ACPI: Early table checksum verification disabled
[    0.000000] ACPI: RSDP 0x00000000000E0000 000024 (v02 VBOX  )
[    0.000000] ACPI: XSDT 0x000000003FFF0030 00003C (v01 VBOX   VBOXXSDT 00000001 ASL  00000061)
[    0.000000] ACPI: FACP 0x000000003FFF00F0 0000F4 (v04 VBOX   VBOXFACP 00000001 ASL  00000061)
[    0.000000] ACPI: DSDT 0x000000003FFF0470 0021FF (v02 VBOX   VBOXBIOS 00000002 INTL 20180105)
[    0.000000] ACPI: FACS 0x000000003FFF0200 000040
[    0.000000] ACPI: FACS 0x000000003FFF0200 000040
[    0.000000] ACPI: APIC 0x000000003FFF0240 00005C (v02 VBOX   VBOXAPIC 00000001 ASL  00000061)
[    0.000000] ACPI: SSDT 0x000000003FFF02A0 0001CC (v01 VBOX   VBOXCPUT 00000002 INTL 20180105)
[    0.000000] No NUMA configuration found
[    0.000000] Faking a node at [mem 0x0000000000000000-0x000003ffefff]
[    0.000000] NODE_DATA(0) allocated [mem 0x3ffeb000-0x3ffeffff]
[    0.000000] kvm-clock: Using msrs 4b564d01 and 4b564d00
[    0.000000] kvm-clock: cpu 0, msr 0:3ffe3001, primary cpu clock
[    0.000000] kvm-clock: using sched offset of 3068522898 cycles
[    0.000000] clocksource: kvm-clock: mask: 0xffffffffffffffff max_cycles: 0x1cd42e4dffb, max_idle_ns: 881590591483 ns
[    0.000000] Zone ranges:
[    0.000000]   DMA      [mem 0x0000000000001000-0x0000000000ffffff]
[    0.000000]   DMA32    [mem 0x0000000001000000-0x000000003ffeffff]
[    0.000000]   Normal   empty
[    0.000000]   Device   empty
[    0.000000] Movable zone start for each node
[    0.000000] Early memory node ranges
[    0.000000]   node   0: [mem 0x0000000000001000-0x000000000009efff]
[    0.000000]   node   0: [mem 0x0000000000100000-0x00000003fefff]
[    0.000000] Initmem setup node 0 [mem 0x0000000000001000-0x000000003ffeffff]
[    0.000000] ACPI: PM-Timer IO Port: 0x4008
[    0.000000] IOAPIC[0]: apic_id 2, version 32, address 0xfec00000, GSI 0-23
[    0.000000] ACPI: INT_SRC_OVR (bus 0 bus_irq 0 global_irq 2 dfl dfl)
[    0.000000] ACPI: INT_SRC_OVR (bus 0 bus_irq 9 global_irq 9 low level)
[    0.000000] Using ACPI (MADT) for SMP configuration information
[    0.000000] smpboot: Allowing 2 CPUs, 0 hotplug CPUs
[    0.000000] PM: Registered nosave memory: [mem 0x00000000-0x00000fff]
[    0.000000] PM: Registered nosave memory: [mem 0x0009f000-0x0009ffff]
[    0.000000] PM: Registered nosave memory: [mem 0x000a0000-0x000effff]
[    0.000000] PM: Registered nosave memory: [mem 0x000f0000-0x000fffff]
[    0.000000] e820: [mem 0x40000000-0xfebfffff] available for PCI devices
[    0.000000] Booting paravirtualized kernel on KVM
[    0.000000] clocksource: refined-jiffies: mask: 0xffffffff macycles: 0xffffffff, max_idle_ns: 7645519600211568 ns
[    0.0000] seuperpu: _CPUS:12nr_cma_bit51nrcpu_s:nr_ne_s:
[  00000 PCP: Embeddd 4 ages/cpuff8803fc00s99544 r92d315 u4857
[  .0000]V qsnlk ash blenries: 56 (order: 0, 4096 bytes)
[    0.000000] Built 1 zonelists in Node order, mobility grouping on.  Total pages: 257912
[    0.000000] Policy zone: DMA32
[    0.000000] Kernel command line: BOOT_IMAGE=/boot/vmlinuz-4.4.0-131-generic root=LABEL=cloudimg-rootfs ro console=tty1 console=ttyS0
[    0.000000] PID hash table entries: 4096 (order: 3, 32768 bytes)
[    0.000000] Memory: 997724K/1048120K available (8546K kernel code, 1313K rwdata, 4000K rodata, 1516K init, 1316K bss, 50396K reserved, 0K cma-reserved)
[    0.000000] SLUB: HWalign=64, Order=0-3, MinObjects=0, CPUs=2, Nodes=1
[    0.000000] Kernel/User page tables isolation: enabled
[    0.000000] Hierarchical RCU implementation.
[    0.000000] 	Build-time adjustment of leaf fanout to 64.
[    0.000000] 	RCU restricting CPUs from NR_CPUS=512 to nr_cpu_ids=2.
[    0.000000] RCU: Adjusting geometry for rcu_fanout_leaf=64, nr_cpu_ids=2
[    0.000000] NR_IRQS:33024 nr_irqs:440 16
[    0.000000] Console: colour VGA+ 80x25
[    0.000000] console [tty1] enabled
[    0.000000] console [ttyS0] enabled
[    0.000000] tsc: Detected 2904.000 MHz processor
[    1.811256] Calibrating delay loop (skipped) preset value.. 5808.00 BogoMIPS (lpj=11616000)
[    1.812630] pid_max: default: 32768 minimum: 301
[    1.813366] ACPI: Core revision 20150930
[   1.814789] ACPI: 2 ACPI AML tables successfully acquired and loaded
[    1.942913] Security Framework initialized
[    2.025633] Yama: becoming mindful.
[    2.115355] AppArmor: AppArmor initialized
[    2.194698] Dentry cache hash table entries: 131072 (order: 8, 1048576 bytes)
[    2.323814] Inode-cache hash table entries: 65536 (order: 7, 524288 bytes)
[    2.461514] Mount-cache hash table entries: 2048 (order: 2, 16384 bytes)
[    2.595329] Mountpoint-cache hash table entries: 2048 (order: 2, 16384 bytes)
[    2.721606] Initializing cgroup subsys io
[    2.816956] Initializing cgroup subsys memory
[    2.856219] Initializing cgroup subsys devices
[    2.856835] Initializing cgroup subsys freezer
[    2.857449] Initializing cgroup subsys net_cls
[    2.859415] Initializing cgroup subsys perf_event
[    2.860061] Initializing cgroup subsys net_prio
[    2.860688] Initializing cgroup subsys hugetlb
[    2.861343] Initializing cgroup subsys pids
[    2.863551] CPU: Physical Processor ID: 0
[    2.864136] CPU: Processor Core ID: 0
[    2.866257] mce: CPU supports 0 MCE banks
[    2.867932] Last level iTLB entries: 4KB 64, 2MB 8, 4MB 8
[    2.868636] Last level dTLB entries: 4KB 64, 2MB 0, 4MB 0, 1GB 4
[    2.869418] Spectre V2 : Mitigation: Full generic retpoline
[    2.870134] Spectre V2 : Speculation control IBPB not-supported IBRS not-supported
[    3.035131] Spectre V2 : Filling RSB on context switch
[    3.134051] Speculative Store Bypass: Vulnerable
[    3.223413] Freeing SMP alternatives memory: 32K
[    3.230655] ftrace: allocating 32245 entries in 126 pages
[    3.332415] smpboot: APIC(0) Converting physical 0 to logical package 0
[    3.407056] smpboot: Max logical packages: 1
[    3.472988] x2apic enabled
[    3.490846] Switched APIC routing to physical x2apic.
[    3.560856] ..TIMER: vector=0x30 apic1=0 pin1=2 apic2=-1 pin2=-1
[    3.666418] smpboot: CPU0: Intel(R) Core(TM) i7-7500U CPU @ 2.70GHz (family: 0x6, model: 0x8e, stepping: 0x9)
[    3.877388] Performance Events: unsupported p6 CPU model 142 no PMU driver, software events only.
[    3.879750] KVM setup paravirtual spinlock
[    3.880902] x86: Booting SMP configuration:
[    3.909181] .... node  #0, CPUs:      #1
[    3.909851] kvm-clock: cpu 1, msr 0:3ffe3041, secondary cpu clock
[    3.912178] mce: CPU supports 0 MCE banks
[    3.941321] x86: Booted up 1 node, 2 CPUs
[    4.020648] smpboot: Total of 2 processors activated (11616.00 BogoMIPS)
[    4.148035] devtmpfs: initialized
[    4.200442] evm: security.selinux
[    4.247935] evm: security.SMACK64
[    4.299312] evm: security.SMACK64EXEC
[    4.358939] evm: security.SMACK64TRANSMUTE
[    4.403059] evm: security.SMACK64MMAP
[    4.403682] evm: security.ima
[    4.404220] evm: security.capability
[    4.405038] clocksource: jiffies: mask: 0xffffffff max_cycles: 0xffffffff, max_idle_ns: 7645041785100000 ns
[    4.524892] futex hash table entries: 512 (order: 3, 32768 bytes)
[    4.525809] pinctrl core: initialized pinctrl subsystem
[    4.526598] RTC time: 10:54:33, date: 08/13/18
[    4.527368] NET: Registered protocol family 16
[    4.559435] cpuidle: using governor ladder
[    4.639005] cpuidle: using governor menu
[    4.750614] PCCT header not found.
[    4.794841] ACPI: bus type PCI registered
[    4.835397] acpiphp: ACPI Hot Plug PCI Controller Driver version: 0.5
[    4.911079] PCI: Using configuration type 1 for base access
[    4.983789] ACPI: Added _OSI(Module Device)
[    5.094668] ACPI: Added _OSI(Processor Device))
[    5.223298] ACPI: Added _OSI(3.0 _SCP Extensions)
[    5.314176] ACPI: Added _OSI(Processor Aggregator Device)
[    5.399971] ACPI: Executed 1 blocks of module-level executable AML code
[    5.502641] ACPI: Interpreter enabled
[    5.567248] ACPI: (supports S0 S5)
[    5.610919] ACPI: Using IOAPIC for interrupt routing
[    5.672725] PCI: Using host bridge windows from ACPI; if necessary, use "pci=nocrs" and report a bug
[    5.686354] ACPI: PCI Root Bridge [PCI0] (domain 0000 [bus 00-ff])
[    5.800329] acpi PNP0A03:00: _OSC: OS supports [ASPM ClockPM Segments MSI]
[    5.899551] acpi PNP0A03:00: _OSC: not requesting OS control; OS requires [ExtendedConfig ASPM ClockPM MSI]
[    6.035625] acpi PNP0A03:00: fail to add MMCONFIG information, can't access extended PCI configuration space under this bridge.
[    6.334406] PCI host bridge to bus 0000:00
[    6.427296] pci_bus 0000:00: root bus resource [io  0x0000-0x0cf7 window]
[    6.500251] pci_bus 0000:00: root bus resource [io  0x0d00-0xffff window]
[    6.501240] pci_bus 0000:00: root bus resource [mem 0x000a0000-0x000bffff window]
[    6.502468] pci_bus 0000:00: root bus resource [mem 0x40000000-0xfdffffff window]
[    6.503714] pci_bus 0000:00: root bus resource [bus 00-ff]
[    6.595725] pci 0000:00:01.1: legacy IDE quirk: reg 0x10: [io  0x01f0-0x01f7]
[    6.707786] pci 0000:00:01.1: legacy IDE quirk: reg 0x14: [io  0x03f6]
[    6.787087] pci 0000:00:01.1: legacy IDE quirk: reg 0x18: [io  0x0170-0x0177]
[    6.917444] pci 0000:00:01.1: legacy IDE quirk: reg 0x1c: [io  0x0376]
[    7.055290] pci 0000:00:07.0: quirk: [io  0x4000-0x403f] claimed by PIIX4 ACPI
[    7.228970] pci 0000:00:07.0: quirk: [io  0x4100-0x410f] claimed by PIIX4 SMB
[    7.371872] ACPI: PCI Interrupt Link [LNKA] (IRQs 5 9 10 *11)
[    7.443868] ACPI: PCI Interrupt Link [LNKB] (IRQs 5 9 *10 11)
[    7.503074] ACPI: PCI Interrupt Link [LNKC] (IRQs 5 *9 10 11)
[    7.560341] ACPI: PCI Interrupt Link [LNKD] (IRQs 5 9 10 *11)
[    7.561604] ACPI: Enabled 2 GPEs in block 00 to 07
[    7.562678] vgaarb: setting as boot device: PCI:0000:00:02.0
[    7.596473] vgaarb: device added: PCI:0000:00:02.0,decodes=io+mem,owns=io+mem,locks=none
[    7.688966] vgaarb: loaded
[    7.725937] vgaarb: bridge control ppssible 0000:00:02.0
[    7.826501] SCSI subsystem initialized
[    7.909589] ACPI: bus type USB registered
[    7.980716] usbcore: registered new interface driver usbfs
[    8.055875] usbcore: registered new interface driver hub
[    8.123548] usbcore: registered new device driver usb
[    8.193554] PCI: Using ACPI for IRQ routing
[    8.265256] NetLabel: Initializing
[    8.310973] NetLabel:  domain hash size = 128
[    8.365977] NetLabel:  protocols = UNLABELED CIPSOv4
[    8.459326] NetLabel:  unlabeled traffic allowed by default
[    8.564867] amd_nb: Cannot enumerate AMD northbridges
[    8.652200] clocksource: Switched to clocksource kvm-clock
[    8.671269]ApAror AppArmor Filesystem Enabled
[    8.808441] pnp: PnP ACPI init
[   8.809547] pnp: PnP AC: oud 3 devices
[  8702]locksource: acpi_pm: mask: 0xffffff max_cycles: 0xffffff, max_idle_ns: 2085701024 ns
  9.27] T:egted rooc family 2
[    9.952669] TCP established hash table entries: 8192 (order: 4, 65536 bytes)
[   10.261521] TCP bind hash table entries: 8192 (order: 5, 131072 bytes)
[   10.262492] TCP: Hash tables configured (established 8192 bind 8192)
[   10.263437] UDP hash table entries: 512 (order: 2, 16384 bytes)
[   10.264327] UDP-Lite hash table entries: 512 (order: 2, 16384 bytes)
[   10.265314] NET: Registered protocol family 1
[   10.266025] pci 0000:00:00.0: Limiting direct PCI/PCI transfers
[   10.266913] pci 0000:00:01.0: Activating ISA DMA hang workarounds
[   10.267927] Unpacking initramfs...
[   00.439441] Freeing initrd memory: 14792K
[   10.65154]]pplatform rtc_cmos: registered platform RTC device (no PNP device found)
[   10.902075] Scanning for low memory corruption every 60 seconds
[   10.903141] audit: initializing netlink subsys (disabled)
[   10.903873] audit: type=2000 audit(1534157676.569:1): initialized
[   10.904907] Initialise system trusted keyring
[   11.031695] HugeTLB registered 2 MB page size, pre-allocated 0 pages
[   11.053181] zbud: loaded
[   11.054046] VFS: Disk quotas dquot_6.6.0
[   11.054720] VFS: Dquot-cache hash table entries: 512 (order 0, 4096 bytes)
[   11.055900] squashfs: version 4.0 (2009/01/31) Phillip Lougher
[   11.072232] fuse init (API version 7.23)
[   11.151754] Key type big_key registered
[   11.152423] Allocating IMA MOK and blacklist keyrings.
[   11.154037] Key type asymmetric registered
[   11.154707] Asymmetric key parser 'x509' registered
[   11.155492] Block layer SCSI generic (bsg) driver version 0.4 loaded (major 249)
[   11.156749] io scheduler noop registered
[   11.157398] io scheduler deadline registered (default)
[   11.158208] io scheduler cfq registered
[   11.158921] pci_hotplug: PCI Hot Plug PCI Core version: 0.5
[   11.159767] pciehp: PCI Express Hot Plug Controller Driver version: 0.4
[   11.172167] ACPI: AC Adapter [AC] (on-line)
[   11.185480] input: Power Button as /devices/LNXSYSTM:00/LNXPWRBN:00/input/input0
[   11.189548] ACPI: Power Button [PWRF]
[   11.190224] input: Sleep Button as /devices/LNXSYSTM:00/LNXSLPBN:00/input/input1
[   11.191463] ACPI: Sleep Button [SLPF]
[   11.192704] ACPI: Battery Slot [BAT0] (battery present)
[   11.199657] GHES: HEST is not enabled!
[   11.201805] Serial: 8250/16550 driver, 32 ports, IRQ sharing enabled
[   11.228258] 00:02: ttyS0 at I/O 0x3f8 (irq = 4, base_baud = 115200) is a 16550A
[   11.243150] Linux agpgart interface v0.103
[   11.247247] loop: module loaded
[   11.249985] scsi host0: ata_piix
[   11.251850] scsi host1: ata_piix
[   11.261677] ata1: PATA max UDMA/33 cmd 0x1f0 ctl 0x3f6 bmdma 0xd000 irq 14
[   11.262692] ata2: PATA max UDMA/33 cmd 0x170 ctl 0x376 bmdma 0xd008 irq 15
[   11.263787] libphy: Fixed MDIO Bus: probed
[   11.266412] tun: Universal TUN/TAP device driver, 1.6
[   11.267207] tun: (C) 1999-2004 Max Krasnyansky <maxk@qualcomm.com>
[   11.301599] PPP generic driver version 2.4.2
[   11.310596] ehci_hcd: USB 2.0 'Enhanced' Host Controller (EHCI) rrvvrr

[   11.401385] ehci-pci: EHCI PCI platform driver
[   11.761475] tsc: Refined TSC clocksource calibration: 2907.300 MHz
[   12.052531] clocksource: tsc: mask: 0xffffffffffffffff max_cycles: 0x29e832dda04, max_idle_ns: 440795250064 ns
[   12.052625] ehci-platform: EHCI generic platform driver
[   12.052637] ohci_hcd: USB 1.1 'Open' Host Controller (OHCI) Driver
[   12.052645] ohci-pci: OHCI PCI platform driver
[   12.052656] ohci-platform: OHCI generic platform driver
[   12.052662] uhci_hcd: USB Universal Host Controller Interface driver
[   12.052714] i8042: PNP: PS/2 Controller [PNP0303:PS2K,PNP0f03:PS2M] at 0x60,0x64 irq 1,12
[   12.053125] serio: i8042 KBD port at 0x60,0x64 irq 1
[   12.053129] serio: i8042 AUX port at 0x60,0x64 irq 12
[   12.053221] mousedev: PS/2 mouse device common for all mice
[   12.053425] input: AT Translated Set 2 keyboard as /devices/platform/i8042/serio0/input/input2
[   12.053713] rtc_cmos rtc_cmos: rtc core: registered rtc_cmos as rtc0
[   12.053756] rtc_cmos rtc_cmos: alarms up to one day, 114 bytes nvram
[   12.053761] i2c /dev entries driver
[   12.053803] device-mapper: uevent: version 1.0.3
[   12.053847] device-mappe::iiccll: 4.34.0-ioctl (2015-10-28) initialised: dm-devel@redhat.com
[   12.053861] ledtrig-cpu: registered to indicate activity on CPUs
[   12.054085] NET: Registered protocol family 10
[   12.054197] NET: Registered protocol family 17
[   12.054205] Key type dns_resolver registered
[   12.054372] registered taskstats version 1
[   12.054388] Loading compiled-in X.509 certificates
[   12.054856] Loaded X.509 cert 'Build time autogenerated kernel key: 8f274abdf49cd12572c1533a34d1eafea768213f'
[   12.054869] zswap: loaded using pool lzo/zbud
[   12.056005] Key type trusted registered
[   12.057856] Key type encrypted registered
[   12.057860] AppArmor: AppArmor sha1 policy hashing enabled
[   12.057864] ima: No TPM chip found, activating TPM-bypass!
[   12.057867] ima: Allocated hash algorithm: sha1
[   12.057878] evm: HMAC attrs: 0x1
[   12.058084]   Magic number: 14:937:931
[   12.077049] rtc_cmos rtc_cmos: setting system clock to 2018-08-13 10:54:41 UTC (1534157681)
[   12.077124] BIOS EDD facility v0.16 2004-Jun-25, 0 devices found
[   12.077124] EDD information not available.
[   12.912425] Freeing unused kernel memory: 1516K
[   12.991097] Write protecting the kernel read-only data: 14336k
[   13.953120] Freeing unused kernel memory: 1680K
[   14.046078] Freeing unused kernel memory: 96K
Loading, please wait...
[   14.118611] random: systemd-udevd: uninitialized urandom read (16 bytes read, 5 bits of entropy available)
starting version[   14.119210] random: udevadm: uninitialized urandom read (16 bytes read, 5 bits of entropy available)
 229
[   14.119232] random: udevadm: uninitialized urandom read (16 bytes read, 5 bits of entropy available)
[   14.126867] random: udevadm: uninitialized urandom read (16 bytes read, 5 bits of entropy available)
[   14.126908] random: udevadm: uninitialized urandom read (16 bytes read, 5 bits of entropy available)
[   14.127034] random: udevadm: uninitialized urandom read (16 bytes read, 5 bits of entropy available)
[   14.127082] random: udevadm: uninitialized urandom read (16 bytes read, 5 bits of entropy available)
[   14.127127] random: udevadm: uninitialized urandom read (16 bytes read, 5 bits of entropy available)
[   14.127172] random: udevadm: uninitialized urandom read (16 bytes read, 5 bits of entropy available)
[   14.127219] random: udevadm: uninitialized urandom read (16 bytes read, 5 bits of entropy available)
[   15.211252] Fusion MPT base driver 3.04.20
[   15.338399] Copyright (c) 1999-2008 LSI Corporation
[   15.482477] e1000: Intel(R) PRO/1000 Network Driver - version 7.3.21-k8-NAPI
[   15.559058] e1000: Copyright (c) 1999-2006 Intel Corporation.
[   15.566636] AVX2 version of gcm_enc/dec engaged.
[   15.733127] AES CTR mode by8 optimization enabled
[   15.914754] Fusion MPT SPI Host driver 3.04.20
[   15.931984] input: ImExPS/2 Generic Explorer Mouse as /devices/platform/i8042/serio1/input/input4
[   16.235159] e1000 0000:00:03.0 eth0: (PCI:33MHz:32-bit) 02:54:ad:ea:60:2e
[   16.291920] e1000 0000:00:03.0 eth0: Intel(R) PRO/1000 Network Connection
[   16.302755] mptbase: ioc0: Initiating bringup
[   16.368950] ioc0: LSI53C1030 A0: Capabilities={Initiator}
[   16.558860] scsi host2: ioc0: LSI53C1030 A0, FwRev=00000000h, Ports=1, MaxQ=256, IRQ=20
[   16.853251] scsi 2:0:0:0: Direct-Access     VBOX     HARDDISK         1.0  PQ: 0 ANSI: 5
[   16.942846] scsi target2:0:0: Beginning Domain Validation
[   17.001499] scsi target2:0:0: Domain Validation skipping write tests
[   17.053869] scsi target2:0:0: Ending Domain Validation
[   17.101392] scsi target2:0:0: asynchronous
[   17.135398] scsi 2:0:1:0: Direct-Access     VBOX     HARDDISK         1.0  PQ: 0 ANSI: 5
[   17.187500] e1000 0000:00:08.0 eth1: (PCI:33MHz:32-bit) 08:00:27:e8:ed:2e
[   17.187502] e1000 0000:00:08.0 eth1: Intel(R) PRO/1000 Network Connection
[   17.324879] e1000 0000:00:08.0 enp0s8: renamed from eth1
[   17.484718] scsi target2:0:1: Beginning Domain Validation
[   17.692505] e1000 0000:00:03.0 enp0s3: renamed from eth0
[   17.712516] scsi target2:0:1: Domain Validation skipping write tests
[   17.719894] scsi target2:0:1: Ending Domain Validation
[   17.722426] scsi target2:0:1: asynchronous
[   17.730637] sd 2:0:0:0: Attached scsi generic sg0 type 0
[   17.801975] sd 2:0:0:0: [sda] 20971520 512-byte logical blocks: (10.7 GB/10.0 GiB)
[   17.807694] sd 2:0:1:0: [sdb] 20480 512-byte logical blocks: (10.5 MB/10.0 MiB)
[   17.894357] sd 2:0:1:0: Attached scsi generic sg1 type 0
[   17.914450] sd 2:0:0:0: [sda] Write Protect is off
[   18.004270] sd 2:0:1:0: [sdb] Write Protect is off
[   18.060408] sd 2:0:0:0: [sda] Incomplete mode parameter data
[   18.071547] sd 2:0:0:0: [sda] Assuming drive cache: write through
[   18.073574] sd 2:0:1:0: [sdb] Incomplete mode parameter data
[   18.073576] sd 2:0:1:0: [sdb] Assuming drive cache: write through
[   18.082177] sd 2:0:1:0: [sdb] Attached SCSI disk
[   18.296167]  sda: sda1
[   18.381932] sd 2:0:0:0: [sda] Attached SCSI disk
Begin: Loading e[   19.937189] md: linear personality registered for level -1
ssential drivers ... [   20.483538] md: multipath personality registered for level -4
[   20.575818] md: raid0 personality registered for level 0
[   20.634965] md: raid1 personality registered for level 1
[   20.712407] raid6: sse2x1   gen() 11553 MB/s
[   20.821089] raid6: sse2x1   xor()  9656 MB/s
[   20.932915] raid6: sse2x2   gen() 14822 MB/s
[   21.128879] raid6: sse2x2   xor() 10359 MB/s
[   21.241088] raid6: sse2x4   gen() 18050 MB/s
[   21.369310] raid6: sse2x4   xor() 11538 MB/s
[   21.549321] raid6: avx2x1   gen() 21908 MB/s
[   21.661073] raid6: avx2x2   gen() 29418 MB/s
[   21.801069] raid6: avx2x4   gen() 30419 MB/s
[   21.891552] raid6: using algorithm avx2x4 gen() 30419 MB/s
[   21.911424] raid6: using avx2x2 recovery algorithm
[   21.962768] xor: automatically using best checksumming function:
[   22.052369]    avx       : 42575.000 MB/sec
[   22.058132] async_tx: api initialized (async)
[   22.091518] md: raid6 personality registered for level 6
[   22.111933] md: raid5 personality registered for level 5
[   22.161769] md: raid4 personality registered for level 4
[   22.167142] md: raid10 personality registered for level 10
done.
Begin: Running /[   22.320976] Btrfs loaded
scripts/init-premount ... done.
Begin: Mounting root file system ... Begin: Run[   22.452804] EXT4-fs (sda1): mounted filesystem with ordered data mode. Opts: (null)
ning /scripts/local-top ... done.
Begin: Running /scripts/local-premount ... Scanning for Btrfs filesystems
done.
Warning: fsck not present, so skipping root file system
done.
Begin: Running /scripts/local-bottom ... done.
Begin: Running /scripts/init-bottom ... done.
[   22.551362] systemd[1]: systemd 229 running in system mode. (+PAM +AUDIT +SELINUX +IMA +APPARMOR +SMACK +SYSVINIT +UTMP +LIBCRYPTSETUP +GCRYPT +GNUTLS +ACL +XZ -LZ4 +SECCOMP +BLKID +ELFUTILS +KMOD -IDN)
[   22.632998] systemd[1]: Detected virtualization oracle.
[   22.633810] systemd[1]: Detected architecture x86-64.

Welcome to [1mUbuntu 16.04.5 LTS[0m!

[   22.677379] systemd[1]: Set hostname to <ubuntu>.
[   22.989914] systemd[1]: Initializing machine ID from random generator.
[   23.092892] systemd[1]: Installed transient /etc/machine-id file.
[   23.205570] systemd[1]: Listening on Journal Socket (/dev/log).
[[0;32m  OK  [0m] Listening on Journal Socket (/dev/log).
[   23.675150] systemd[1]: Set up automount Arbitrary Executable File Formats File System Automount Point.
[[0;32m  OK  [0m] Set up automount Arbitrary Executab...ats Fi[   23.790703] random: nonblocking pool is initialized
le System Automount Point.
[   24.013067] systemd[1]: Listening on /dev/initctl Compatibility Named Pipe.
[[0;32m  OK  [0m] Listening on /dev/initctl Compatibility Named Pipe.
[   24.068889] systemd[1]: Created slice System Slice.
[[0;32m  OK  [0m] Created slice System Slice.
[   24.117803] systemd[1]: Listening on Journal Audit Socket.
[[0;32m  OK  [0m] Listening on Journal Audit Socket.
[   24.145109] systemd[1]: Started Forward Password Requests to Wall Directory Watch.
[[0;32m  OK  [0m] Started Forward Password Requests to Wall Directory Watch.
[   24.519208] systemd[1]: Listening on LVM2 poll daemon socket.
[[0;32m  OK  [0m] Listening on LVM2 poll daemon socket.
[   24.528870] systemd[1]: Created slice system-serial\x2dgetty.slice.
[[0;32m  OK  [0m] Created slice system-serial\x2dgetty.slice.
[   24.545724] systemd[1]: Listening on Device-mapper event daemon FIFOs.
[[0;32m  OK  [0m] Listening on Device-mapper event daemon FIFOs.
[   24.547249] systemd[1]: Reached target Encrypted Volumes.
[[0;32m  OK  [0m] Reached target Encrypted Volumes.
[   24.580611] systemd[1]: Listening on Journal Socket.
[[0;32m  OK  [0m] Listening on Journal Socket.
[   24.704356] systemd[1]: Mounting Huge Pages File System...
         Mounting Huge Pages File System...
[   24.741681] systemd[1]: Mounting POSIX Message Queue File System...
         Mounting POSIX Message Queue File System...
[   24.761132] systemd[1]: Mounting Debug Flle System...
         Mounting Debug File System...
[   24.876378] systemd[1]: Starting Uncomplicated firewall...
         Starting Uncomplicated firewall...
[   25.293059] systemd[1]: Starting Create list of required static device nodes for the current kernel...
         Starting Create list of required st... nodes for the current kernel...
[   25.420746] systemd[1]: Starting Remount Root and Kernel File Systems...
[   25.426954] EXT4-fs (sda1): re-mounted. Opts: (null)
         Starting Remount Root and Kernel File Systems...
[   25.501390] systemd[1]: Starting Set console keymap...
         Starting Set console keymap...
[   25.564850] systemd[1]: Starting Load Kernel Modules...
[   25.574084] Loading iSCSItransport class v2.0-870.

         Starting Load Kernel Modules...
[   25.693340] systemd[1]: Starting Nameserver information manager...
         Startin[   25.734935] iscsi: registered transport (tcp)
g Nameserver information manager...
[   25.815072] iscsi: registered transport (iser)
[   25.836430] systemd[1]: Listening on udev Kernel Socket.
[[0;32m  OK  [0m] Listening on udev Kernel Socket.
[   25.882907] systemd[1]: Listening on udev Control Socket.
[[0;32m  OK  [0m] Listening on udev Control Socket.
[   25.891164] systemd[1]: Reached target System Time Synchronized.
[[0;32m  OK  [0m] Reached target System Time Synchronized.
[   25.896726] systemd[1]: Reached target User and Group Nam Lku. [[0;32m  OK  [0m] Reached target User and Group Name Lookups.
[  26.343016] systemd[1]: Created slice User and Session Slice.
[[0;32m  OK  [0m] Created slice User and Session Slice.
[   26.616] ystemd[1]: Reached trgt Slices.
[[0;32m  OK  [0m] Reached target Slices.
[   26.912394] systemd[1]: Listening on LVM2 metadata daemon socket.
[[0;32m  OK  [0m] Listening on LVM2 metadata daemon socket.
[   27.061182] systemd[1]: Started Trigger resolvconf update for networkd DNS.
[[0;32m  OK  [0m] Started Trigger resolvconf update for networkd DNS.
[   7.3621 sted[1]: Reached target Swap.
[[0;32m  OK  [0m] Reached target Swap.
[   27.925136] systemd[1]: Starting Monitoring of LVM2 mirrors, snapshots etc. using dmeventd or progress polling...
         Starting Monitoring of LVM2 mirrors... dmeventd or progress polling...
[ 28212215] systemd[1]: Listening on Syslog Socket.
[[0;32m  OK  [0m] Listening on Syslog Socket.
[   28.425133] systemd[1]: Starting Journal Service...
         Starting Journal Service...
[   28.807356] systemd[1]: Mounted Debug File ysem
[[0;32m  OK  [0m] Mounted Debug File System.
[   29.078124] systemd[1]: Mounted POSIX Message Queue File System.
[[0;32m  OK  [0m] Mounted POSIX Message Queue File System.
[   29.144809] systed[: unedHuge Pages File System.
[[0;32m  OK  [0m] Mounted Huge Pages File System.
[   29.338911] systemd[1: Started Journal Service.

[[0;32m  OK  [0m] Started Journal Service.
[[0;32m  OK  [0m] Started Uncomplicated firewall.
[[0;32m  OK  [0m] Started Create list of required sta...ce nodes for the current kernel.
[[0;32m  OK  [0m] Started Remount Root and Kernel File Systems.
[[0;32m  OK  [0m] Started Set console keymap.
[[0;32m  OK  [0m] Started Load Kernel Modules.
[[0;32m  OK  [0m] Started Nameserver information manager.
[[0;32m  OK  [0m] Started LVM2 metadata daemon.
         Starting Apply Kernel Variables...
         Mounting FUSE Control File System...
         Starting udev Coldplug all Devices...
         Starting Load/Save Random Seed...
         Starting Create Static Device Nodes in /dev...
         Starting Flush Journal to Persistent Storage...
[[0;32m  OK  [0m] Mounted FUSE Control File System.
[[0;32m  OK  [0m] Started Monitoring of LVM2 mirrors,...ng dmeventd or progress polling.
[[0;32m  OK  [0m] Started Apply Kernel Variables.
[[0;32m  OK  [0m] Started Load/Save Random Seed.
[[0;32m  OK  [0m] Started Create Static Device Nodes in /dev.
[[0;32m  OK  [0m] Started udev Coldplug all Devices.
[[0;32m  OK  [0m] Started Flush Journal to Persistent Storage.
         Starting udev Kernel Device Manager...
[[0;32m  OK  [0m] Started udev Kernel Device Manager.
[[0;32m  OK  [0m] Reached target Local File Systems (Pre).
[[0;32m  OK  [0m] Reached target Local File Systems.
         Starting Commit a transient machine-id on disk...
         Starting Tell Plymouth To Write Out Runtime Data...
         Starting LSB: AppArmor initialization...
         Starting Create Volatile Files and Directories...
         Starting Initial cloud-init job (pre-networking)...
         Starting Set console font and keymap...
[[0;32m  OK  [0m] Started Dispatch Password Requests to Console Directory Watch.
[[0;32m  OK  [0m] Started Commit a transient machine-id on disk.
[[0;32m  OK  [0m] Started Tell Plymouth To Write Out Runtime Data.
[[0;32m  OK  [0m] Started Create Volatile Files and Directories.
[[0;32m  OK  [0m] Started Set console font and keymap.
[[0;32m  OK  [0m] Found device /dev/ttyS0.
[[0;32m  OK  [0m] Listening on Load/Save RF Kill Switch Status /dev/rfkill Watch.
[[0;32m  OK  [0m] Created slice system-getty.slice.
         Starting Update UTMP about System Boot/Shutdown...
[[0;32m  OK  [0m] Started Update UTMP about System Boot/Shutdown.
[   23.679815] cloud-init[623]: Cloud-init v. 18.3-9-g2e62cb8a-0ubuntu1~16.04.2 running 'init-local' at Mon, 13 Aug 2018 10:55:00 +0000. Up 23.36 seconds.
[[0;32m  OK  [0m] Started LSB: AppArmor initialization.
[[0;32m  OK  [0m] Started Initial cloud-init job (pre-networking).
[[0;32m  OK  [0m] Reached target Network (Pre).
         Starting Raise network interfaces...
[[0;32m  OK  [0m] Started Raise network interfaces.
[[0;32m  OK  [0m] Reached target Network.
         Starting Initial cloud-init job (metadata service crawler)...
[   24.935356] cloud-init[939]: Cloud-init v. 18.3-9-g2e62cb8a-0ubuntu1~16.04.2 running 'init' at Mon, 13 Aug 2018 10:55:02 +0000. Up 24.44 seconds.
[   24.996103] cloud-init[939]: ci-info: ++++++++++++++++++++++++++++++++++++++Net device info+++++++++++++++++++++++++++++++++++++++
[   24.996225] cloud-init[939]: ci-info: +--------+-------+----------------------------+---------------+--------+-------------------+
[[0;32m  OK  [0m] Started Initial cloud-init job (metadata service crawler).
[   24.996333] cloud-init[939]: ci-info: | Device |   Up  |          Address           |      Mask     | Scope  |     Hw-Address    |
[   25.073227] cloud-init[939]: ci-info: +--------+-------+----------------------------+---------------+--------+-------------------+
[   25.074432] cloud-init[939]: ci-info: | enp0s3 |  True |         10.0.2.15          | 255.255.255.0 | global | 02:54:ad:ea:60:2e |
[[0;32m  OK  [0m] Reached target Network is Online.
[   25.074920] cloud-init[939]: ci-info: | enp0s3 |  True | fe80::54:adff:feea:602e/64 |       .       |  link  | 02:54:ad:ea:60:2e |
[   25.284212] cloud-init[939]: ci-info: | enp0s8 | False |             .              |       .       |   .    | 08:00:27:e8:ed:2e |
[   25.290121] cloud-init[939]: ci-info: |   lo   |  True |         127.0.0.1          |   255.0.0.0   |  host  |         .         |
[   25.299152] cloud-init[939]: ci-info: |   lo   |  True |          ::1/128           |       .       |  host  |         .         |
[   25.299719] cloud-init[939]: ci-info: +--------+-------+----------------------------+---------------+--------+-------------------+
[   25.300429] cloud-init[939]: ci-info: +++++++++++++++++++++++++++Route IPv4 info++++++++++++++++++++++++++++
[   25.300776] cloud-init[939]: ci-info: +-------+-------------+----------+---------------+-----------+-------+
[   25.301102] cloud-init[939]: ci-info: | Route | Destination | Gateway  |    Genmask    | Interface | Flags |
[   25.301440] cloud-init[939]: ci-info: +-------+-------------+----------+---------------+-----------+-------+
[   25.301787] cloud-init[939]: ci-info: |   0   |   0.0.0.0   | 10.0.2.2 |    0.0.0.0    |   enp0s3  |   UG  |
[   25.302137] cloud-init[939]: ci-info: |   1   |   10.0.2.0  | 0.0.0.0  | 255.255.255.0 |   enp0s3  |   U   |
[   25.302491] cloud-init[939]: ci-info: +-------+-------------+----------+---------------+-----------+-------+
[   25.302853] cloud-init[939]: ci-info: +++++++++++++++++++Route IPv6 info+++++++++++++++++++
[   25.303526] cloud-init[939]: ci-info: +-------+-------------+---------+-----------+-------+
[   25.303764] cloud-init[939]: ci-info: | Route | Destination | Gateway | Interface | Flags |
[   25.304012] cloud-init[939]: ci-info: +-------+-------------+---------+-----------+-------+
[   25.304550] cloud-init[939]: ci-info: |   0   |  fe80::/64  |    ::   |   enp0s3  |   U   |
[   25.305077] cloud-init[939]: ci-info: |   3   |   ff00::/8  |    ::   |   enp0s3  |   U   |
[   25.305309] cloud-init[939]: ci-info: +-------+-------------+---------+-----------+-------+
[   25.305556] cloud-init[939]: Generating public/private rsa key pair.
[   25.305809] cloud-init[939]: Your identification has been saved in /etc/ssh/ssh_host_rsa_key.
[   25.306064] cloud-init[939]: Your public key has been saved in /etc/ssh/ssh_host_rsa_key.pub.
[   25.306321] cloud-init[939]: The key fingerprint is:
[   25.306575] cloud-init[939]: SHA256:cFyHC35MlKZeNKPhNXUmfQXnu/vTj9DgV3SELGHQsHw root@ubuntu-xenial
[   25.306831] cloud-init[939]: The key's randomart image is:
[   25.307083] cloud-init[939]: +---[RSA 2048]----+
[   25.307338] cloud-init[939]: |         .=B*++o=|
[   25.307614] cloud-init[939]: |       .oo@+o+++.|
[   25.307864] cloud-init[939]: |      .oo@o=E. .+|
[   25.308398] cloud-init[939]: |       o= =.   .o|
         Starting iSCSI initiator daemon (iscsid)...
[   25.308797] cloud-init[939]: |       .So  .  ..|
[   26.361541] cloud-init[939]: |        .  . o ..|
[   26.361723] cloud-init[939]: |            o o..|
[[0;32m  OK  [0m] Reached target System Initialization.
[   26.361823] cloud-init[939]: |             o oo|
[   26.480590] cloud-init[939]: |              ..*|
[[0;32m  OK  [0m] Started Daily Cleanup of Temporary Directories.
[[   26.480645] cloud-init[939]: +----[SHA256]-----+
[   26.588673] cloud-init[939]: Generating public/private dsa key pair.
[   26.588739] cloud-init[939]: Your identification has been saved in /etc/ssh/ssh_host_dsa_key.
[   26.588852] cloud-init[939]: Your public key has been saved in /etc/ssh/ssh_host_dsa_key.pub.
[   26.588965] cloud-init[939]: The key fingerprint is:
[   26.589081] cloud-init[939]: SHA256:v8yUihTRqRDFflVAXudkWlT9YcYtSs4YGWtpnM04vYk root@ubuntu-xenial
[   26.589196] cloud-init[939]: The key's randomart image is:
[   26.589309] cloud-init[939]: +---[DSA 1024]----+
[0;32m  OK  [0m] Listening on ACPID Listen Socket.
[   26.589443] cloud-init[939]: |    .o.  .+=o.B.+|
[   26.644247] cloud-init[939]: |     ... ++X.B.=o|
[   26.644426] cloud-init[939]: |    ... o.@*=.+.o|
         Starting LXD - unix socket.
[   26.644534] cloud-init[939]: |     ..o.o.o+o  .|
[   26.660249] cloud-init[939]: |      o.S E o    |
[   26.660441] cloud-init[939]: |       . . .     |
[[0;32m  OK  [0m] Started Daily apt download activities.
[[   26.660541] cloud-init[939]: |      .   +      |
[   26.761892] cloud-init[939]: |     . . = .     |
[   26.761963] cloud-init[939]: |      . . +      |
[   26.762070] cloud-init[939]: +----[SHA256]-----+
[   26.762177] cloud-init[939]: Generating public/private ecdsa key pair.
[   26.762294] cloud-init[939]: Your identification has been saved in /etc/ssh/ssh_host_ecdsa_key.
[   26.762398] cloud-init[939]: Your public key has been saved in /etc/ssh/ssh_host_ecdsa_key.pub.
[   26.762506] cloud-init[939]: The key fingerprint is:
[   26.762614] cloud-init[939]: SHA256:ODdinE7RmPe73WyaRKOEsOhNDNwv4d+gH5RZVxeNFEg root@ubuntu-xenial
[   26.762722] cloud-init[939]: The key's randomart image is:
[0;32m  OK  [0m] Started Daily apt upgrade and clean activities.
[[   26.762837] cloud-init[939]: +---[ECDSA 256]---+
[   26.838759] cloud-init[939]: |           .Eo+++|
[   26.838828] cloud-init[939]: |   . . +    .....|
[   26.838942] cloud-init[939]: |    o B o . .    |
[   26.839058] cloud-init[939]: |     * X * .     |
[   26.839175] cloud-init[939]: |    . # S o o    |
[   26.839292] cloud-init[939]: |   . * O = + .   |
[0;32m  OK  [0m] Listening on D-Bus System Message Bus Socket.
[   26.839433] cloud-init[939]: |    . + o + .    |
[   27.325740] cloud-init[939]: |       . . + +.  |
[   27.336243] cloud-init[939]: |        . . +oo  |
[   27.336427] cloud-init[939]: +----[SHA256]-----+
[[0;32m  OK  [0m] Started ACPI Events Check.
[[   27.336529] cloud-init[939]: Generating public/private ed25519 key pair.
[   27.383492] cloud-init[939]: Your identification has been saved in /etc/ssh/ssh_host_ed25519_key.
[0;32m  OK  [0m] Reached target Paths.
[[   27.383537] cloud-init[939]: Your public key has been saved in /etc/ssh/ssh_host_ed25519_key.pub.
[   27.414058] [0;32m  OK  [0mcloud-init] [939]: Listening on UUID daemon activation socket.The key fingerprint is:

[   27.488319] cloud-init[939]: SHA256:7SosHCLprYnhqAaUPQm7R+24aXsXMiG1oIkdAfSpKAg root@ubuntu-xenial
[   27.488520] cloud-init[939]: The key's randomart image is:
         Starting Socket activation for snappy daemon.
[[   22.488691] cloud-init[939]: +--[ED25519 256]--+
[0;32m  OK  [0m] [   27.820588] Reached target Timers.cloud-init
[939]: |oo..             |
[   27.831851] cloud-init[939]: | .o...           |
[[0;32m  OK  [0m] Reached target Cloud-config availability.
[   27.832250] cloud-init[939]: |E.B+= .          |
[   27.948423] cloud-init[939]: |=*o* +   .       |
[[0;32m  OK  [0m] Listening on LXD - unix socket.
[   27.948711] cloud-init[939]: |=oo = . S .      |
[   28.003014] cloud-init[939]: |=..o.+ . .       |
[[0;32m  OK  [0m] Listening on Socket activation for snappy daemon.
[[   28.003322] cloud-init[939]: |+.ooooo . .      |
[0;32m  OK  [0m] Started iSCSI initiator daemon (iscsid).
[   28.160689] cloud-init[939]: |++.=o.o. .       |
[   28.225956] cloud-init[939]: |*+o.o....        |
[   28.226766] cloud-init[939]: +----[SHA256[[0;32m  OK  [0m] Stopped target Graphical Interface.
[[0;32m  OK  [0m] Stopped target Timers.
[[0;32m  OK  [0m] Stopped Daily Cleanup of Temporary Directories.
         Stopping Authenticate and Authorize Users to Run Privileged Tasks...
[[0;32m  OK  [0m] Stopped target Cloud-init target.
         Stopping User Manager [[0;32m  OK  [0m] Closed Load/Save RF Kill Switch Status /dev/rfkill Watch.
[[0;32m  OK  [0m] Stopped target Graphical Interface.
         Stopping ACPI event daemon...
         Stopping Session 5 of user vagrant.
         Stopping User Manager for UID 1000...
[[0;32m  OK  [0m] Stopped target Cloud-init target.
[[0;32m  OK  [0m] Stopped Execute cloud user/final scripts.
[[0;32m  OK  [0m] Stopped Apply the settings specified in cloud-config.
[[0;32m  OK  [0m] Stopped target Cloud-config availability.
         Stopping Accounts Service...
[[0;32m O         Stopping Snappy daemon...
         Stopping LSB: Set the CPU Frequency Scaling governor to "ondemand"...
         Stopping LSB: daemon to balance interrupts for SMP systems...
         Stopping LSB: automatic crash report generation...
         Stopping LSB: Set up cgroupfs mounts....
         Stopping LSB: MD monitoring daemon...
         Stopping System Logging Service...
         Stopping Ubuntu FAN network setup...
         Stopping OpenBSD Secure Shell server...
         Stopping Virtualbox guest utils...
         Stopping FUSE filesystem for LXC...
         Stopping Deferred execution scheduler...
         Stopping Authenticate and Authorize Users to Run Privileged Tasks...
[[0;32m  OK  [0m] Stopped target System Time Synchronized.
[[0;32m  OK  [0m] Unmounted /run/docker/netns/1-olssoh8fok.
[[0;32m  OK  [0m] Unmounted /var/lib/docker/aufs.
[[0;32m  OK  [0m] Unmounted /var/lib/lxcfs.
[[0;32m  OK  [0m] Stopped Regular background program processing daemon.
[[0;32m  OK  [0m] Stopped Deferred execution scheduler.
[[0;32m  OK  [0m] Stopped Snappy daemon.
[[0;32m  OK  [0m] Stopped ACPI event daemon.
[[0;32m  OK  [0m] Stopped Accounts Service.
[[0;32m  OK  [0m] Stopped OpenBSD Secure Shell server.
[[0;32m  OK  [0m] Stopped System Logging Service.
[[0;32m  OK  [0m] Stopped Authenticate and Authorize Users to Run Privileged Tasks.
[[0;32m  OK  [0m] Stopped Serial Getty on ttyS0.
[[0;32m  OK  [0m] Stopped Getty on tty1.
[[0;32m  OK  [0m] Stopped User Manager for UID 1000.
[[0;32m  OK  [0m] Stopped Session 5 of user vagrant.
[[0;32m  OK  [0m] Stopped Unattended Upgrades Shutdown.
[[0;32m  OK  [0m] Stopped D-Bus System Message Bus.
[[0;32m  OK  [0m] Stopped LSB: Set up cgroupfs mounts..
[[0;32m  OK  [0m] Stopped Ubuntu FAN network setup.
[[0;32m  OK  [0m] Stopped FUSE filesystem for LXC.
[[0;32m  OK  [0m] Unmounted /run/docker/netns/ingress_sbox.
[[0;32m  OK  [0m] Stopped LSB: Record successful boot for GRUB.
[[0;32m  OK  [0m] Stopped LXD - container startup/shutdown.
[[0;32m  OK  [0m] Stopped LSB: Set the CPU Frequency Scaling governor to "ondemand".
[[0;32m  OK  [0m] Stopped LSB: daemon to balance interrupts for SMP systems.
[[0;32m  OK  [0m] Stopped LSB: automatic crash report generation.
[[0;32m  OK  [0m] Stopped LSB: MD monitoring daemon.
[[0;32m  OK  [0m] Stopped Virtualbox guest utils.
[[0;32m  OK  [0m] Removed slice User Slice of vagrant.
         Stopping Login Service...
[[0;32m  OK  [0m] Removed slice system-getty.slice.
[[0;32m  OK  [0m] Removed slice system-serial\x2dgetty.slice.
[[0;32m  OK  [0m] Stopped /etc/rc.local Compatibility.
         Stopping Permit User Sessions...
[[0;32m  OK  [0m] Stopped Permit User Sessions.
[[0;32m  OK  [0m] Stopped target Remote File Systems.
[[0;32m  OK  [0m] Stopped target Remote File Systems (Pre).
         Stopping Login to default iSCSI targets...
[[0;32m  OK  [0m] Stopped Login Service.
[[0;32m  OK  [0m] Stopped Login to default iSCSI targets.
         Stopping iSCSI initiator daemon (iscsid)...
[[0;32m  OK  [0m] Stopped target User and Group Name Lookups.
[[0;32m  OK  [0m] Stopped iSCSI initiator daemon (iscsid).
[[0;32m  OK  [0m] Stopped target Network is Online.
[[0;32m  OK  [0m] Stopped Docker Application Container Engine.
[[0;32m  OK  [0m] Stopped target Basic System.
[[0;32m  OK  [0m] Stopped target Sockets.
[[0;32m  OK  [0m] Closed LXD - unix socket.
[[0;32m  OK  [0m] Closed ACPID Listen Socket.
[[0;32m  OK  [0m] Closed Syslog Socket.
[[0;32m  OK  [0m] Closed D-Bus System Message Bus Socket.
[[0;32m  OK  [0m] Closed UUID daemon activation socket.
[[0;32m  OK  [0m] Closed Socket activation for snappy daemon.
[[0;32m  OK  [0m] Stopped target Paths.
[[0;32m  OK  [0m] Stopped Dispatch Password Requests to Console Directory Watch.
[[0;32m  OK  [0m] Stopped Forward Password Requests to Wall Directory Watch.
[[0;32m  OK  [0m] Stopped ACPI Events Check.
[[0;32m  OK  [0m] Stopped target Slices.
[[0;32m  OK  [0m] Removed slice User and Session Slice.
[[0;32m  OK  [0m] Stopped target Network.
[[0;32m  OK  [0m] Closed Docker Socket for the API.
[[0;32m  OK  [0m] Stopped target System Initialization.
         Stopping Update UTMP about System Boot/Shutdown...
[[0;32m  OK  [0m] Stopped target Encrypted Volumes.
[[0;32m  OK  [0m] Stopped Initial cloud-init job (metadata service crawler).
         Stopping Raise network interfaces...
         Stopping Load/Save Random Seed...
[[0;32m  OK  [0m] Stopped target Swap.
[[0;32m  OK  [0m] Stopped Load/Save Random Seed.
[[0;32m  OK  [0m] Stopped Update UTMP about System Boot/Shutdown.
[[0;32m  OK  [0m] Stopped Create Volatile Files and Directories.
[[0;32m  OK  [0m] Stopped Raise network interfaces.
[[0;32m  OK  [0m] Stopped Apply Kernel Variables.
[[0;32m  OK  [0m] Stopped Load Kernel Modules.
[[0;32m  OK  [0m] Stopped target Network (Pre).
[[0;32m  OK  [0m] Stopped Initial cloud-init job (pre-networking).
[[0;32m  OK  [0m] Stopped target Local File Systems.
         Unmounting /vagrant...
         Unmounting /run/user/1000...
[[0;32m  OK  [0m] Unmounted /vagrant.
[[0;32m  OK  [0m] Unmounted /run/user/1000.
[[0;32m  OK  [0m] Reached target Unmount All Filesystems.
[[0;32m  OK  [0m] Stopped target Local File Systems (Pre).
[[0;32m  OK  [0m] Stopped Remount Root and K[[0;32m  OK  [0m] Closed Load/Save RF Kill Si         Stopping Ubuntu FAN network setup...
         Stopping Unattended Upgrades Shutdown...
         Stopping Regular background program processing daemon...
         Stopping LSB: automatic crash report generation...
         Stopping Deferred execution scheduler...
         Stopping D-Bus System Message Bus...
         Stopping Virtualbox guest utils...
         Stopping System Logging Service...
         Stopping OpenBSD Secure Shell server...
         Stopping User Manager for UID 1000...
[[0;32m  OK  [0m] Stopped target System Time Synchronized.
[[0;32m  OK  [0m] Unmounted /var/lib/lxcfs.
[[0;32m  OK  [0m] Stopped Regular background program processing daemon.
[[0;32m  OK  [0m] Stopped Snappy daemon.
[[0;32m  OK  [0m] Stopped Deferred execution scheduler.
[[0;32m  OK  [0m] Stopped Accounts Service.
[[0;32m  OK  [0m] Stopped System Logging Service.
[[0;32m  OK  [0m] Stopped ACPI event daemon.
[[0;32m  OK  [0m] Stopped Authenticate and Authorize Users to Run Privileged Tasks.
[[0;32m  OK  [0m] Stopped OpenBSD Secure Shell server.
[[0;32m  OK  [0m] Stopped Getty on tty1.
[[0;32m  OK  [0m] Stopped Serial Getty on ttyS0.
[[0;32m  OK  [0m] Stopped User Manager for UID 1000.
[[0;32m  OK  [0m] Stopped Session 4 of user vagrant.
[[0;32m  OK  [0m] Stopped LSB: Set up cgroupfs mounts..
[[0;32m  OK  [0m] Stopped Ubuntu FAN network setup.
[[0;32m  OK  [0m] Stopped Unattended Upgrades Shutdown.
[[0;32m  OK  [0m] Stopped D-Bus System Message Bus.
[[0;32m  OK  [0m] Stopped FUSE filesystem for LXC.
[[0;32m  OK  [0m] Unmounted /run/docker/netns/211b2513858d.
[[0;32m  OK  [0m] Unmounted /var/lib/docker/container...3666cd2ba6bd78dfc9ec955135b/shm.
[[0;32m  OK  [0m] Unmounted /var/lib/docker/aufs/mnt/...76800db08e85b2c0e33107509a3ca09.
[[0;32m  OK  [0m] Unmounted /run/docker/netns/1-olssoh8fok.
[[0;32m  OK  [0m] Unmounted /run/docker/netns/ingress_sbox.
[[0;32m  OK  [0m] Stopped LXD - container startup/shutdown.
[[0;32m  OK  [0m] Stopped LSB: MD monitoring daemon.
[[0;32m  OK  [0m] Stopped LSB: Record successful boot for GRUB.
[[0;32m  OK  [0m] Stopped LSB: daemon to balance interrupts for SMP systems.
[[0;32m  OK  [0m] Stopped LSB: Set the CPU Frequency Scaling governor to "ondemand".
[[0;32m  OK  [0m] Stopped LSB: automatic crash report generation.
[[0;32m  OK  [0m] Stopped Virtualbox guest utils.
[[0;32m  OK  [0m] Removed slice User Slice of vagrant.
         Stopping Login Service...
[[0;32m  OK  [0m] Removed slice system-serial\x2dgetty.slice.
[[0;32m  OK  [0m] Removed slice system-getty.slice.
         Stopping Permit User Sessions...
[[0;32m  OK  [0m] Stopped /etc/rc.local Compatibility.
[[0;32m  OK  [0m] Stopped Permit User Sessions.
[[0;32m  OK  [0m] Stopped Login Service.
[[0;32m  OK  [0m] Stopped target Remote File Systems.
[[0;32m  OK  [0m] Stopped target Remote File Systems (Pre).
         Stopping Login to default iSCSI targets...
[[0;32m  OK  [0m] Stopped target User and Group Name Lookups.
[[0;32m  OK  [0m] Stopped Docker Application Container Engine.
[[0;32m  OK  [0m] Stopped Login to default iSCSI targets.
         Stopping iSCSI initiator daemon (iscsid)...
[[0;32m  OK  [0m] Stopped target Basic System.
[[0;32m  OK  [0m] Stopped target Slices.
[[0;32m  OK  [0m] Removed slice User and Session Slice.
[[0;32m  OK  [0m] Stopped target Sockets.
[[0;32m  OK  [0m] Closed UUID daemon activation socket.
[[0;32m  OK  [0m] Closed ACPID Listen Socket.
[[0;32m  OK  [0m] Closed Socket activation for snappy daemon.
[[0;32m  OK  [0m] Closed Syslog Socket.
[[0;32m  OK  [0m] Closed LXD - unix socket.
[[0;32m  OK  [0m] Closed D-Bus System Message Bus Socket.
[[0;32m  OK  [0m] Stopped target Paths.
[[0;32m  OK  [0m] Stopped Dispatch Password Requests to Console Directory Watch.
[[0;32m  OK  [0m] Stopped ACPI Events Check.
[[0;32m  OK  [0m] Stopped Forward Password Requests to Wall Directory Watch.
[[0;32m  OK  [0m] Closed Docker Socket for the API.
[[0;32m  OK  [0m] Stopped target System Initialization.
[[0;32m  OK  [0m] Stopped target Encrypted Volumes.
         Stopping Load/Save Random Seed...
[[0;32m  OK  [0m] Stopped target Swap.
[[0;32m  OK  [0m] Stopped Commit a transient machine-id on disk.
         Stopping Update UTMP about System Boot/Shutdown...
[[0;32m  OK  [0m] Stopped iSCSI initiator daemon (iscsid).
[[0;32m  OK  [0m] Stopped Load/Save Random Seed.
[[0;32m  OK  [0m] Stopped Update UTMP about System Boot/Shutdown.
[[0;32m  OK  [0m] Stopped Create Volatile Files and Directories.
[[0;32m  OK  [0m] Stopped target Network is Online.
[[0;32m  OK  [0m] Stopped Initial cloud-init job (metadata service crawler).
[[0;32m  OK  [0m] Stopped target Network.
         Stopping Raise network interfaces...
[[0;32m  OK  [0m] Stopped Raise network interfaces.
[[0;32m  OK  [0m] Stopped target Local File Systems.
         Unmounting /vagrant...
         Unmounting /var/lib/docker/aufs...
         Unmounting /run/user/1000...
[[0;32m  OK  [0m] Stopped Apply Kernel Variables.
[[0;32m  OK  [0m] Stopped Load Kernel Modules.
[[0;32m  OK  [0m] Stopped target Network (Pre).
[[0;32m  OK  [0m] Stopped Initial cloud-init job (pre-networking).
[[0;32m  OK  [0m] Unmounted /vagrant.
[[0;32m  OK  [0m] Unmounted /var/lib/docker/aufs.
[[0;32m  OK  [0m] Unmounted /run/user/1000.
[[0;32m  OK  [0m] Reached target Unmount All Filesystems.
[[0;32m  OK  [0m] Stopped target Local File Systems (Pre).
         Stopping Monitoring of LVM2 mirrors... dmeventd or progress polling...
[[0;32m  OK  [0m] Stopped Create Static Device Nodes in /dev.
[[0;32m  OK  [0m] Stopped Remount Root and Kernel File Systems.
[[0;32m  OK  [0m] Reached target Shutdown.
[ 1235.098817] reboot: Power down
